// Vitest Snapshot v1, https://vitest.dev/guide/snapshot.html

exports[`v-html > ./fixtures/v-html/index.vue 1`] = `
"<script setup lang="tsx">
defineRender(() => <div innerHTML={'<div>123<div>'} />)
</script>
"
`;
