// Vitest Snapshot v1, https://vitest.dev/guide/snapshot.html

exports[`fixtures > tests/fixtures/index.tsx 1`] = `
"// index.js
import { createVNode, Fragment } from 'vue';

var index = () => {
  let foo = 1;
  return createVNode(Fragment, null, [foo === 1 ? createVNode("div", null, [foo]) : null]);
};

export { index as default };
"
`;
